nohup: ignoring input

  .   ____          _            __ _ _
 /\\ / ___'_ __ _ _(_)_ __  __ _ \ \ \ \
( ( )\___ | '_ | '_| | '_ \/ _` | \ \ \ \
 \\/  ___)| |_)| | | | | || (_| |  ) ) ) )
  '  |____| .__|_| |_|_| |_\__, | / / / /
 =========|_|==============|___/=/_/_/_/

 :: Spring Boot ::                (v3.3.4)

2026-05-13T07:35:16.967Z  INFO 4159077 --- [           main] o.m.a.AuthentificationserviceApplication : Starting AuthentificationserviceApplication v0.0.1-SNAPSHOT using Java 17.0.17 with PID 4159077 (/home/ubuntu/DEV/Micro_Services/workspace/authentification-service-partie05--A-session_security/target/authentificationservice-0.0.1-SNAPSHOT.jar started by ubuntu in /home/ubuntu/DEV/Micro_Services/workspace/authentification-service-partie05--A-session_security)
2026-05-13T07:35:16.972Z  INFO 4159077 --- [           main] o.m.a.AuthentificationserviceApplication : No active profile set, falling back to 1 default profile: "default"
2026-05-13T07:35:18.683Z  INFO 4159077 --- [           main] .s.d.r.c.RepositoryConfigurationDelegate : Bootstrapping Spring Data JPA repositories in DEFAULT mode.
2026-05-13T07:35:18.754Z  INFO 4159077 --- [           main] .s.d.r.c.RepositoryConfigurationDelegate : Finished Spring Data repository scanning in 62 ms. Found 2 JPA repository interfaces.
2026-05-13T07:35:20.046Z  INFO 4159077 --- [           main] o.s.b.w.embedded.tomcat.TomcatWebServer  : Tomcat initialized with port 8089 (http)
2026-05-13T07:35:20.065Z  INFO 4159077 --- [           main] o.apache.catalina.core.StandardService   : Starting service [Tomcat]
2026-05-13T07:35:20.066Z  INFO 4159077 --- [           main] o.apache.catalina.core.StandardEngine    : Starting Servlet engine: [Apache Tomcat/10.1.30]
2026-05-13T07:35:20.117Z  INFO 4159077 --- [           main] o.a.c.c.C.[Tomcat].[localhost].[/]       : Initializing Spring embedded WebApplicationContext
2026-05-13T07:35:20.118Z  INFO 4159077 --- [           main] w.s.c.ServletWebServerApplicationContext : Root WebApplicationContext: initialization completed in 3047 ms
2026-05-13T07:35:20.453Z  INFO 4159077 --- [           main] com.zaxxer.hikari.HikariDataSource       : HikariPool-1 - Starting...
2026-05-13T07:35:20.780Z  INFO 4159077 --- [           main] com.zaxxer.hikari.pool.HikariPool        : HikariPool-1 - Added connection conn0: url=jdbc:h2:mem:users-db user=SA
2026-05-13T07:35:20.782Z  INFO 4159077 --- [           main] com.zaxxer.hikari.HikariDataSource       : HikariPool-1 - Start completed.
2026-05-13T07:35:20.798Z  INFO 4159077 --- [           main] o.s.b.a.h2.H2ConsoleAutoConfiguration    : H2 console available at '/h2-console'. Database available at 'jdbc:h2:mem:users-db'
2026-05-13T07:35:21.121Z  INFO 4159077 --- [           main] o.hibernate.jpa.internal.util.LogHelper  : HHH000204: Processing PersistenceUnitInfo [name: default]
2026-05-13T07:35:21.209Z  INFO 4159077 --- [           main] org.hibernate.Version                    : HHH000412: Hibernate ORM core version 6.5.3.Final
2026-05-13T07:35:21.268Z  INFO 4159077 --- [           main] o.h.c.internal.RegionFactoryInitiator    : HHH000026: Second-level cache disabled
2026-05-13T07:35:21.731Z  INFO 4159077 --- [           main] o.s.o.j.p.SpringPersistenceUnitInfo      : No LoadTimeWeaver setup: ignoring JPA class transformer
2026-05-13T07:35:23.292Z  INFO 4159077 --- [           main] o.h.e.t.j.p.i.JtaPlatformInitiator       : HHH000489: No JTA platform available (set 'hibernate.transaction.jta.platform' to enable JTA platform integration)
Hibernate: drop table if exists app_role cascade 
Hibernate: drop table if exists app_user cascade 
Hibernate: drop table if exists app_user_roles cascade 
Hibernate: create table app_role (id bigint generated by default as identity, role_name varchar(255), primary key (id))
Hibernate: create table app_user (id bigint generated by default as identity, password varchar(255), username varchar(255), primary key (id))
Hibernate: create table app_user_roles (app_user_id bigint not null, roles_id bigint not null)
Hibernate: alter table if exists app_user_roles add constraint FK1pfb2loa8so5oi6ak7rh6enva foreign key (roles_id) references app_role
Hibernate: alter table if exists app_user_roles add constraint FKkwxexnudtp5gmt82j0qtytnoe foreign key (app_user_id) references app_user
2026-05-13T07:35:23.392Z  INFO 4159077 --- [           main] j.LocalContainerEntityManagerFactoryBean : Initialized JPA EntityManagerFactory for persistence unit 'default'
2026-05-13T07:35:24.648Z  WARN 4159077 --- [           main] JpaBaseConfiguration$JpaWebConfiguration : spring.jpa.open-in-view is enabled by default. Therefore, database queries may be performed during view rendering. Explicitly configure spring.jpa.open-in-view to disable this warning
2026-05-13T07:35:24.730Z  WARN 4159077 --- [           main] .s.s.UserDetailsServiceAutoConfiguration : 

Using generated security password: f0caa7c9-d551-44c7-81d4-335bd5f57810

This generated password is for development use only. Your security configuration must be updated before running your application in production.

2026-05-13T07:35:24.740Z  WARN 4159077 --- [           main] r$InitializeUserDetailsManagerConfigurer : Global AuthenticationManager configured with an AuthenticationProvider bean. UserDetailsService beans will not be used for username/password login. Consider removing the AuthenticationProvider bean. Alternatively, consider using the UserDetailsService in a manually instantiated DaoAuthenticationProvider.
2026-05-13T07:35:25.808Z  INFO 4159077 --- [           main] o.s.b.a.e.web.EndpointLinksResolver      : Exposing 1 endpoint beneath base path '/actuator'
2026-05-13T07:35:26.785Z  INFO 4159077 --- [           main] o.s.b.w.embedded.tomcat.TomcatWebServer  : Tomcat started on port 8089 (http) with context path '/'
2026-05-13T07:35:26.804Z  INFO 4159077 --- [           main] o.m.a.AuthentificationserviceApplication : Started AuthentificationserviceApplication in 10.483 seconds (process running for 11.22)
Hibernate: insert into app_role (role_name,id) values (?,default)
Hibernate: insert into app_role (role_name,id) values (?,default)
Hibernate: insert into app_user (password,username,id) values (?,?,default)
Hibernate: insert into app_user (password,username,id) values (?,?,default)
Hibernate: select au1_0.id,au1_0.password,au1_0.username from app_user au1_0 where au1_0.username=?
Hibernate: select r1_0.app_user_id,r1_1.id,r1_1.role_name from app_user_roles r1_0 join app_role r1_1 on r1_1.id=r1_0.roles_id where r1_0.app_user_id=?
Hibernate: select ar1_0.id,ar1_0.role_name from app_role ar1_0 where ar1_0.role_name=?
Hibernate: insert into app_user_roles (app_user_id,roles_id) values (?,?)
Hibernate: select au1_0.id,au1_0.password,au1_0.username from app_user au1_0 where au1_0.username=?
Hibernate: select r1_0.app_user_id,r1_1.id,r1_1.role_name from app_user_roles r1_0 join app_role r1_1 on r1_1.id=r1_0.roles_id where r1_0.app_user_id=?
Hibernate: select ar1_0.id,ar1_0.role_name from app_role ar1_0 where ar1_0.role_name=?
Hibernate: insert into app_user_roles (app_user_id,roles_id) values (?,?)
Hibernate: select au1_0.id,au1_0.password,au1_0.username from app_user au1_0 where au1_0.username=?
Hibernate: select r1_0.app_user_id,r1_1.id,r1_1.role_name from app_user_roles r1_0 join app_role r1_1 on r1_1.id=r1_0.roles_id where r1_0.app_user_id=?
Hibernate: select ar1_0.id,ar1_0.role_name from app_role ar1_0 where ar1_0.role_name=?
Hibernate: delete from app_user_roles where app_user_id=?
Hibernate: insert into app_user_roles (app_user_id,roles_id) values (?,?)
Hibernate: insert into app_user_roles (app_user_id,roles_id) values (?,?)
Données initialisées
2026-05-13T07:42:07.741Z  INFO 4159077 --- [nio-8089-exec-2] o.a.c.c.C.[Tomcat].[localhost].[/]       : Initializing Spring DispatcherServlet 'dispatcherServlet'
2026-05-13T07:42:07.742Z  INFO 4159077 --- [nio-8089-exec-2] o.s.web.servlet.DispatcherServlet        : Initializing Servlet 'dispatcherServlet'
2026-05-13T07:42:07.749Z  INFO 4159077 --- [nio-8089-exec-2] o.s.web.servlet.DispatcherServlet        : Completed initialization in 6 ms
2026-05-13T07:42:08.455Z  INFO 4159077 --- [nio-8089-exec-5] o.apache.coyote.http11.Http11Processor   : Error parsing HTTP request header
 Note: further occurrences of HTTP request parsing errors will be logged at DEBUG level.

java.lang.IllegalArgumentException: Invalid character found in method name [0x160x030x010x000xf20x010x000x000xee0x030x03?0xd90xff:0xb3#p0xff0xa4c0xca)0xc2'0x7f0xb90x810x070xcc30xee0xb20xeawg0x9cz0x9d0xd00x950xa40xf9 ]. HTTP method names must be tokens
	at org.apache.coyote.http11.Http11InputBuffer.parseRequestLine(Http11InputBuffer.java:407) ~[tomcat-embed-core-10.1.30.jar!/:na]
	at org.apache.coyote.http11.Http11Processor.service(Http11Processor.java:257) ~[tomcat-embed-core-10.1.30.jar!/:na]
	at org.apache.coyote.AbstractProcessorLight.process(AbstractProcessorLight.java:63) ~[tomcat-embed-core-10.1.30.jar!/:na]
	at org.apache.coyote.AbstractProtocol$ConnectionHandler.process(AbstractProtocol.java:905) ~[tomcat-embed-core-10.1.30.jar!/:na]
	at org.apache.tomcat.util.net.NioEndpoint$SocketProcessor.doRun(NioEndpoint.java:1741) ~[tomcat-embed-core-10.1.30.jar!/:na]
	at org.apache.tomcat.util.net.SocketProcessorBase.run(SocketProcessorBase.java:52) ~[tomcat-embed-core-10.1.30.jar!/:na]
	at org.apache.tomcat.util.threads.ThreadPoolExecutor.runWorker(ThreadPoolExecutor.java:1190) ~[tomcat-embed-core-10.1.30.jar!/:na]
	at org.apache.tomcat.util.threads.ThreadPoolExecutor$Worker.run(ThreadPoolExecutor.java:659) ~[tomcat-embed-core-10.1.30.jar!/:na]
	at org.apache.tomcat.util.threads.TaskThread$WrappingRunnable.run(TaskThread.java:63) ~[tomcat-embed-core-10.1.30.jar!/:na]
	at java.base/java.lang.Thread.run(Thread.java:840) ~[na:na]

2026-05-13T07:42:31.159Z  INFO 4159077 --- [nio-8089-exec-8] o.apache.tomcat.util.http.parser.Cookie  : A cookie header was received [cc_cookie={"level":["necessary"],"revision":0,"data":null,"rfc_cookie":false};] that contained an invalid cookie. That cookie will be ignored.
 Note: further occurrences of this error will be logged at DEBUG level.
Hibernate: select au1_0.id,au1_0.password,au1_0.username from app_user au1_0 where au1_0.username=?
Hibernate: select r1_0.app_user_id,r1_1.id,r1_1.role_name from app_user_roles r1_0 join app_role r1_1 on r1_1.id=r1_0.roles_id where r1_0.app_user_id=?
Hibernate: select au1_0.id,au1_0.password,au1_0.username from app_user au1_0
Hibernate: select r1_0.app_user_id,r1_1.id,r1_1.role_name from app_user_roles r1_0 join app_role r1_1 on r1_1.id=r1_0.roles_id where r1_0.app_user_id=?
Hibernate: select r1_0.app_user_id,r1_1.id,r1_1.role_name from app_user_roles r1_0 join app_role r1_1 on r1_1.id=r1_0.roles_id where r1_0.app_user_id=?
Hibernate: select au1_0.id,au1_0.password,au1_0.username from app_user au1_0 where au1_0.username=?
Hibernate: select r1_0.app_user_id,r1_1.id,r1_1.role_name from app_user_roles r1_0 join app_role r1_1 on r1_1.id=r1_0.roles_id where r1_0.app_user_id=?
Hibernate: select au1_0.id,au1_0.password,au1_0.username from app_user au1_0
Hibernate: select r1_0.app_user_id,r1_1.id,r1_1.role_name from app_user_roles r1_0 join app_role r1_1 on r1_1.id=r1_0.roles_id where r1_0.app_user_id=?
Hibernate: select r1_0.app_user_id,r1_1.id,r1_1.role_name from app_user_roles r1_0 join app_role r1_1 on r1_1.id=r1_0.roles_id where r1_0.app_user_id=?
Hibernate: select au1_0.id,au1_0.password,au1_0.username from app_user au1_0 where au1_0.username=?
Hibernate: select r1_0.app_user_id,r1_1.id,r1_1.role_name from app_user_roles r1_0 join app_role r1_1 on r1_1.id=r1_0.roles_id where r1_0.app_user_id=?
Hibernate: select au1_0.id,au1_0.password,au1_0.username from app_user au1_0 where au1_0.username=?
Hibernate: select r1_0.app_user_id,r1_1.id,r1_1.role_name from app_user_roles r1_0 join app_role r1_1 on r1_1.id=r1_0.roles_id where r1_0.app_user_id=?
Hibernate: select au1_0.id,au1_0.password,au1_0.username from app_user au1_0 where au1_0.username=?
Hibernate: select r1_0.app_user_id,r1_1.id,r1_1.role_name from app_user_roles r1_0 join app_role r1_1 on r1_1.id=r1_0.roles_id where r1_0.app_user_id=?
Hibernate: select au1_0.id,au1_0.password,au1_0.username from app_user au1_0 where au1_0.username=?
Hibernate: select r1_0.app_user_id,r1_1.id,r1_1.role_name from app_user_roles r1_0 join app_role r1_1 on r1_1.id=r1_0.roles_id where r1_0.app_user_id=?
Hibernate: select au1_0.id,au1_0.password,au1_0.username from app_user au1_0 where au1_0.username=?
Hibernate: select r1_0.app_user_id,r1_1.id,r1_1.role_name from app_user_roles r1_0 join app_role r1_1 on r1_1.id=r1_0.roles_id where r1_0.app_user_id=?
