nohup: ignoring input

  .   ____          _            __ _ _
 /\\ / ___'_ __ _ _(_)_ __  __ _ \ \ \ \
( ( )\___ | '_ | '_| | '_ \/ _` | \ \ \ \
 \\/  ___)| |_)| | | | | || (_| |  ) ) ) )
  '  |____| .__|_| |_|_| |_\__, | / / / /
 =========|_|==============|___/=/_/_/_/

 :: Spring Boot ::                (v3.3.4)

2026-05-13T07:36:03.005Z  INFO 4161013 --- [           main] o.m.a.AuthentificationserviceApplication : Starting AuthentificationserviceApplication v0.0.1-SNAPSHOT using Java 17.0.17 with PID 4161013 (/home/ubuntu/DEV/Micro_Services/workspace/authentification-service-partie05--C-filtress/target/authentificationservice-0.0.1-SNAPSHOT.jar started by ubuntu in /home/ubuntu/DEV/Micro_Services/workspace/authentification-service-partie05--C-filtress)
2026-05-13T07:36:03.026Z  INFO 4161013 --- [           main] o.m.a.AuthentificationserviceApplication : No active profile set, falling back to 1 default profile: "default"
2026-05-13T07:36:04.625Z  INFO 4161013 --- [           main] .s.d.r.c.RepositoryConfigurationDelegate : Bootstrapping Spring Data JPA repositories in DEFAULT mode.
2026-05-13T07:36:04.733Z  INFO 4161013 --- [           main] .s.d.r.c.RepositoryConfigurationDelegate : Finished Spring Data repository scanning in 93 ms. Found 2 JPA repository interfaces.
2026-05-13T07:36:05.938Z  INFO 4161013 --- [           main] o.s.b.w.embedded.tomcat.TomcatWebServer  : Tomcat initialized with port 8096 (http)
2026-05-13T07:36:05.959Z  INFO 4161013 --- [           main] o.apache.catalina.core.StandardService   : Starting service [Tomcat]
2026-05-13T07:36:05.960Z  INFO 4161013 --- [           main] o.apache.catalina.core.StandardEngine    : Starting Servlet engine: [Apache Tomcat/10.1.30]
2026-05-13T07:36:06.015Z  INFO 4161013 --- [           main] o.a.c.c.C.[Tomcat].[localhost].[/]       : Initializing Spring embedded WebApplicationContext
2026-05-13T07:36:06.017Z  INFO 4161013 --- [           main] w.s.c.ServletWebServerApplicationContext : Root WebApplicationContext: initialization completed in 2898 ms
2026-05-13T07:36:06.267Z  INFO 4161013 --- [           main] com.zaxxer.hikari.HikariDataSource       : HikariPool-1 - Starting...
2026-05-13T07:36:06.619Z  INFO 4161013 --- [           main] com.zaxxer.hikari.pool.HikariPool        : HikariPool-1 - Added connection conn0: url=jdbc:h2:mem:users-db user=SA
2026-05-13T07:36:06.621Z  INFO 4161013 --- [           main] com.zaxxer.hikari.HikariDataSource       : HikariPool-1 - Start completed.
2026-05-13T07:36:06.635Z  INFO 4161013 --- [           main] o.s.b.a.h2.H2ConsoleAutoConfiguration    : H2 console available at '/h2-console'. Database available at 'jdbc:h2:mem:users-db'
2026-05-13T07:36:06.923Z  INFO 4161013 --- [           main] o.hibernate.jpa.internal.util.LogHelper  : HHH000204: Processing PersistenceUnitInfo [name: default]
2026-05-13T07:36:06.996Z  INFO 4161013 --- [           main] org.hibernate.Version                    : HHH000412: Hibernate ORM core version 6.5.3.Final
2026-05-13T07:36:07.062Z  INFO 4161013 --- [           main] o.h.c.internal.RegionFactoryInitiator    : HHH000026: Second-level cache disabled
2026-05-13T07:36:07.531Z  INFO 4161013 --- [           main] o.s.o.j.p.SpringPersistenceUnitInfo      : No LoadTimeWeaver setup: ignoring JPA class transformer
2026-05-13T07:36:08.932Z  INFO 4161013 --- [           main] o.h.e.t.j.p.i.JtaPlatformInitiator       : HHH000489: No JTA platform available (set 'hibernate.transaction.jta.platform' to enable JTA platform integration)
Hibernate: drop table if exists app_role cascade 
Hibernate: drop table if exists app_user cascade 
Hibernate: drop table if exists app_user_roles cascade 
Hibernate: create table app_role (id bigint generated by default as identity, role_name varchar(255), primary key (id))
Hibernate: create table app_user (id bigint generated by default as identity, password varchar(255), username varchar(255), primary key (id))
Hibernate: create table app_user_roles (app_user_id bigint not null, roles_id bigint not null)
Hibernate: alter table if exists app_user_roles add constraint FK1pfb2loa8so5oi6ak7rh6enva foreign key (roles_id) references app_role
Hibernate: alter table if exists app_user_roles add constraint FKkwxexnudtp5gmt82j0qtytnoe foreign key (app_user_id) references app_user
2026-05-13T07:36:09.023Z  INFO 4161013 --- [           main] j.LocalContainerEntityManagerFactoryBean : Initialized JPA EntityManagerFactory for persistence unit 'default'
2026-05-13T07:36:09.805Z  WARN 4161013 --- [           main] JpaBaseConfiguration$JpaWebConfiguration : spring.jpa.open-in-view is enabled by default. Therefore, database queries may be performed during view rendering. Explicitly configure spring.jpa.open-in-view to disable this warning
2026-05-13T07:36:10.571Z  INFO 4161013 --- [           main] o.s.b.a.e.web.EndpointLinksResolver      : Exposing 1 endpoint beneath base path '/actuator'
2026-05-13T07:36:11.466Z  INFO 4161013 --- [           main] o.s.b.w.embedded.tomcat.TomcatWebServer  : Tomcat started on port 8096 (http) with context path '/'
2026-05-13T07:36:11.492Z  INFO 4161013 --- [           main] o.m.a.AuthentificationserviceApplication : Started AuthentificationserviceApplication in 9.307 seconds (process running for 10.103)
Hibernate: insert into app_role (role_name,id) values (?,default)
Hibernate: insert into app_role (role_name,id) values (?,default)
Hibernate: insert into app_user (password,username,id) values (?,?,default)
Hibernate: insert into app_user (password,username,id) values (?,?,default)
Hibernate: select au1_0.id,au1_0.password,au1_0.username from app_user au1_0 where au1_0.username=?
Hibernate: select r1_0.app_user_id,r1_1.id,r1_1.role_name from app_user_roles r1_0 join app_role r1_1 on r1_1.id=r1_0.roles_id where r1_0.app_user_id=?
Hibernate: select ar1_0.id,ar1_0.role_name from app_role ar1_0 where ar1_0.role_name=?
Hibernate: insert into app_user_roles (app_user_id,roles_id) values (?,?)
Hibernate: select au1_0.id,au1_0.password,au1_0.username from app_user au1_0 where au1_0.username=?
Hibernate: select r1_0.app_user_id,r1_1.id,r1_1.role_name from app_user_roles r1_0 join app_role r1_1 on r1_1.id=r1_0.roles_id where r1_0.app_user_id=?
Hibernate: select ar1_0.id,ar1_0.role_name from app_role ar1_0 where ar1_0.role_name=?
Hibernate: insert into app_user_roles (app_user_id,roles_id) values (?,?)
Hibernate: select au1_0.id,au1_0.password,au1_0.username from app_user au1_0 where au1_0.username=?
Hibernate: select r1_0.app_user_id,r1_1.id,r1_1.role_name from app_user_roles r1_0 join app_role r1_1 on r1_1.id=r1_0.roles_id where r1_0.app_user_id=?
Hibernate: select ar1_0.id,ar1_0.role_name from app_role ar1_0 where ar1_0.role_name=?
Hibernate: delete from app_user_roles where app_user_id=?
Hibernate: insert into app_user_roles (app_user_id,roles_id) values (?,?)
Hibernate: insert into app_user_roles (app_user_id,roles_id) values (?,?)
Données initialisées
2026-05-13T07:42:19.763Z  INFO 4161013 --- [nio-8096-exec-3] o.a.c.c.C.[Tomcat].[localhost].[/]       : Initializing Spring DispatcherServlet 'dispatcherServlet'
2026-05-13T07:42:19.764Z  INFO 4161013 --- [nio-8096-exec-3] o.s.web.servlet.DispatcherServlet        : Initializing Servlet 'dispatcherServlet'
2026-05-13T07:42:19.769Z  INFO 4161013 --- [nio-8096-exec-3] o.s.web.servlet.DispatcherServlet        : Completed initialization in 5 ms
=== JwtAuthorizationFilter ===
Path: /users
Authorization Header: null
Pas de token JWT - passage sans authentification
=== JwtAuthorizationFilter ===
Path: /users
Authorization Header: null
Pas de token JWT - passage sans authentification
=== JwtAuthorizationFilter ===
Path: /login
Authorization Header: null
Pas de token JWT - passage sans authentification
attemptAuthentication
Hibernate: select au1_0.id,au1_0.password,au1_0.username from app_user au1_0 where au1_0.username=?
Hibernate: select r1_0.app_user_id,r1_1.id,r1_1.role_name from app_user_roles r1_0 join app_role r1_1 on r1_1.id=r1_0.roles_id where r1_0.app_user_id=?
successfulAuthentication
JWT Token généré pour l'utilisateur: user2
Token: eyJ0eXAiOiJKV1QiLCJhbGciOiJIUzI1NiJ9.eyJzdWIiOiJ1c2VyMiIsInJvbGVzIjpbIkFETUlOIiwiVVNFUiJdLCJpc3MiOiJodHRwOi8vbG9jYWxob3N0OjgwOTYvbG9naW4iLCJleHAiOjE3Nzg2NTg1Mzl9.hp_WLr08NatRo70Q1KJGUVtBT6XbhnNIxtVOhwFCrgc
=== JwtAuthorizationFilter ===
Path: /users
Authorization Header: Bearer eyJ0eXAiOiJKV1QiLCJhbGciOiJIUzI1NiJ9.eyJzdWIiOiJ1c2VyMiIsInJvbGVzIjpbIkFETUlOIiwiVVNFUiJdLCJpc3MiOiJodHRwOi8vbG9jYWxob3N0OjgwOTYvbG9naW4iLCJleHAiOjE3Nzg2NTg1Mzl9.hp_WLr08NatRo70Q1KJGUVtBT6XbhnNIxtVOhwFCrgc
JWT extrait: eyJ0eXAiOiJKV1QiLCJhbGciOiJIUzI1NiJ9.eyJzdWIiOiJ1c...
JWT valide pour l'utilisateur: user2
Rôles: ADMIN, USER
Utilisateur authentifié avec succès
Hibernate: select au1_0.id,au1_0.password,au1_0.username from app_user au1_0
Hibernate: select r1_0.app_user_id,r1_1.id,r1_1.role_name from app_user_roles r1_0 join app_role r1_1 on r1_1.id=r1_0.roles_id where r1_0.app_user_id=?
Hibernate: select r1_0.app_user_id,r1_1.id,r1_1.role_name from app_user_roles r1_0 join app_role r1_1 on r1_1.id=r1_0.roles_id where r1_0.app_user_id=?
=== JwtAuthorizationFilter ===
Path: /users
Authorization Header: null
Pas de token JWT - passage sans authentification
=== JwtAuthorizationFilter ===
Path: /login
Authorization Header: null
Pas de token JWT - passage sans authentification
attemptAuthentication
Hibernate: select au1_0.id,au1_0.password,au1_0.username from app_user au1_0 where au1_0.username=?
Hibernate: select r1_0.app_user_id,r1_1.id,r1_1.role_name from app_user_roles r1_0 join app_role r1_1 on r1_1.id=r1_0.roles_id where r1_0.app_user_id=?
successfulAuthentication
JWT Token généré pour l'utilisateur: user2
Token: eyJ0eXAiOiJKV1QiLCJhbGciOiJIUzI1NiJ9.eyJzdWIiOiJ1c2VyMiIsInJvbGVzIjpbIkFETUlOIiwiVVNFUiJdLCJpc3MiOiJodHRwOi8vbG9jYWxob3N0OjgwOTYvbG9naW4iLCJleHAiOjE3Nzg2NTg2MzN9.9t9SPxlRONkcSBeq97L20rskFFjbUK7zB2Y_SdOuCts
=== JwtAuthorizationFilter ===
Path: /users
Authorization Header: Bearer eyJ0eXAiOiJKV1QiLCJhbGciOiJIUzI1NiJ9.eyJzdWIiOiJ1c2VyMiIsInJvbGVzIjpbIkFETUlOIiwiVVNFUiJdLCJpc3MiOiJodHRwOi8vbG9jYWxob3N0OjgwOTYvbG9naW4iLCJleHAiOjE3Nzg2NTg2MzN9.9t9SPxlRONkcSBeq97L20rskFFjbUK7zB2Y_SdOuCts
JWT extrait: eyJ0eXAiOiJKV1QiLCJhbGciOiJIUzI1NiJ9.eyJzdWIiOiJ1c...
JWT valide pour l'utilisateur: user2
Rôles: ADMIN, USER
Utilisateur authentifié avec succès
Hibernate: select au1_0.id,au1_0.password,au1_0.username from app_user au1_0
Hibernate: select r1_0.app_user_id,r1_1.id,r1_1.role_name from app_user_roles r1_0 join app_role r1_1 on r1_1.id=r1_0.roles_id where r1_0.app_user_id=?
Hibernate: select r1_0.app_user_id,r1_1.id,r1_1.role_name from app_user_roles r1_0 join app_role r1_1 on r1_1.id=r1_0.roles_id where r1_0.app_user_id=?
