[INFO] Scanning for projects...
[INFO] 
[INFO] ------------------< org.ms:authentification-service >-------------------
[INFO] Building authentification-service 0.0.1-SNAPSHOT
[INFO]   from pom.xml
[INFO] --------------------------------[ jar ]---------------------------------
[INFO] 
[INFO] >>> spring-boot:4.0.6:run (default-cli) > test-compile @ authentification-service >>>
[INFO] 
[INFO] --- resources:3.3.1:resources (default-resources) @ authentification-service ---
[INFO] Copying 1 resource from src/main/resources to target/classes
[INFO] Copying 0 resource from src/main/resources to target/classes
[INFO] 
[INFO] --- compiler:3.14.1:compile (default-compile) @ authentification-service ---
[INFO] Nothing to compile - all classes are up to date.
[INFO] 
[INFO] --- resources:3.3.1:testResources (default-testResources) @ authentification-service ---
[INFO] skip non existing resourceDirectory /home/ubuntu/DEV/Micro_Services/workspace/authentification-service/src/test/resources
[INFO] 
[INFO] --- compiler:3.14.1:testCompile (default-testCompile) @ authentification-service ---
[INFO] Nothing to compile - all classes are up to date.
[INFO] 
[INFO] <<< spring-boot:4.0.6:run (default-cli) < test-compile @ authentification-service <<<
[INFO] 
[INFO] 
[INFO] --- spring-boot:4.0.6:run (default-cli) @ authentification-service ---
[INFO] Attaching agents: []

  .   ____          _            __ _ _
 /\\ / ___'_ __ _ _(_)_ __  __ _ \ \ \ \
( ( )\___ | '_ | '_| | '_ \/ _` | \ \ \ \
 \\/  ___)| |_)| | | | | || (_| |  ) ) ) )
  '  |____| .__|_| |_|_| |_\__, | / / / /
 =========|_|==============|___/=/_/_/_/

 :: Spring Boot ::                (v4.0.6)

2026-04-29T10:49:30.818Z  INFO 3011628 --- [authentification-service] [  restartedMain] o.m.a.AuthentificationServiceApplication : Starting AuthentificationServiceApplication using Java 17.0.17 with PID 3011628 (/home/ubuntu/DEV/Micro_Services/workspace/authentification-service/target/classes started by ubuntu in /home/ubuntu/DEV/Micro_Services/workspace/authentification-service)
2026-04-29T10:49:30.825Z  INFO 3011628 --- [authentification-service] [  restartedMain] o.m.a.AuthentificationServiceApplication : No active profile set, falling back to 1 default profile: "default"
2026-04-29T10:49:30.888Z  INFO 3011628 --- [authentification-service] [  restartedMain] .e.DevToolsPropertyDefaultsPostProcessor : Devtools property defaults active! Set 'spring.devtools.add-properties' to 'false' to disable
2026-04-29T10:49:30.889Z  INFO 3011628 --- [authentification-service] [  restartedMain] .e.DevToolsPropertyDefaultsPostProcessor : For additional web related logging consider setting the 'logging.level.web' property to 'DEBUG'
2026-04-29T10:49:31.935Z  INFO 3011628 --- [authentification-service] [  restartedMain] .s.d.r.c.RepositoryConfigurationDelegate : Bootstrapping Spring Data JPA repositories in DEFAULT mode.
2026-04-29T10:49:31.996Z  INFO 3011628 --- [authentification-service] [  restartedMain] .s.d.r.c.RepositoryConfigurationDelegate : Finished Spring Data repository scanning in 45 ms. Found 2 JPA repository interfaces.
2026-04-29T10:49:32.715Z  INFO 3011628 --- [authentification-service] [  restartedMain] o.s.boot.tomcat.TomcatWebServer          : Tomcat initialized with port 8089 (http)
2026-04-29T10:49:32.728Z  INFO 3011628 --- [authentification-service] [  restartedMain] o.apache.catalina.core.StandardService   : Starting service [Tomcat]
2026-04-29T10:49:32.728Z  INFO 3011628 --- [authentification-service] [  restartedMain] o.apache.catalina.core.StandardEngine    : Starting Servlet engine: [Apache Tomcat/11.0.21]
2026-04-29T10:49:32.762Z  INFO 3011628 --- [authentification-service] [  restartedMain] b.w.c.s.WebApplicationContextInitializer : Root WebApplicationContext: initialization completed in 1872 ms
2026-04-29T10:49:33.047Z  INFO 3011628 --- [authentification-service] [  restartedMain] org.hibernate.orm.jpa                    : HHH008540: Processing PersistenceUnitInfo [name: default]
2026-04-29T10:49:33.113Z  INFO 3011628 --- [authentification-service] [  restartedMain] org.hibernate.orm.core                   : HHH000001: Hibernate ORM core version 7.2.12.Final
2026-04-29T10:49:33.637Z  INFO 3011628 --- [authentification-service] [  restartedMain] o.s.o.j.p.SpringPersistenceUnitInfo      : No LoadTimeWeaver setup: ignoring JPA class transformer
2026-04-29T10:49:33.671Z  INFO 3011628 --- [authentification-service] [  restartedMain] com.zaxxer.hikari.HikariDataSource       : HikariPool-1 - Starting...
2026-04-29T10:49:33.868Z  INFO 3011628 --- [authentification-service] [  restartedMain] com.zaxxer.hikari.pool.HikariPool        : HikariPool-1 - Added connection conn0: url=jdbc:h2:mem:users-db user=SA
2026-04-29T10:49:33.870Z  INFO 3011628 --- [authentification-service] [  restartedMain] com.zaxxer.hikari.HikariDataSource       : HikariPool-1 - Start completed.
2026-04-29T10:49:33.930Z  INFO 3011628 --- [authentification-service] [  restartedMain] org.hibernate.orm.connections.pooling    : HHH10001005: Database info:
	Database JDBC URL [jdbc:h2:mem:users-db]
	Database driver: H2 JDBC Driver
	Database dialect: H2Dialect
	Database version: 2.4.240
	Default catalog/schema: USERS-DB/PUBLIC
	Autocommit mode: undefined/unknown
	Isolation level: READ_COMMITTED [default READ_COMMITTED]
	JDBC fetch size: 100
	Pool: DataSourceConnectionProvider
	Minimum pool size: undefined/unknown
	Maximum pool size: undefined/unknown
2026-04-29T10:49:35.000Z  INFO 3011628 --- [authentification-service] [  restartedMain] org.hibernate.orm.core                   : HHH000489: No JTA platform available (set 'hibernate.transaction.jta.platform' to enable JTA platform integration)
Hibernate: drop table if exists app_role cascade 
Hibernate: drop table if exists app_user cascade 
Hibernate: drop table if exists app_user_roles cascade 
Hibernate: create table app_role (id bigint generated by default as identity, role_name varchar(255), primary key (id))
Hibernate: create table app_user (id bigint generated by default as identity, password varchar(255), username varchar(255), primary key (id))
Hibernate: create table app_user_roles (app_user_id bigint not null, roles_id bigint not null)
Hibernate: alter table if exists app_user_roles add constraint FK1pfb2loa8so5oi6ak7rh6enva foreign key (roles_id) references app_role
Hibernate: alter table if exists app_user_roles add constraint FKkwxexnudtp5gmt82j0qtytnoe foreign key (app_user_id) references app_user
2026-04-29T10:49:35.062Z  INFO 3011628 --- [authentification-service] [  restartedMain] j.LocalContainerEntityManagerFactoryBean : Initialized JPA EntityManagerFactory for persistence unit 'default'
2026-04-29T10:49:35.153Z  INFO 3011628 --- [authentification-service] [  restartedMain] o.s.d.j.r.query.QueryEnhancerFactories   : Hibernate is in classpath; If applicable, HQL parser will be used.
2026-04-29T10:49:35.560Z  WARN 3011628 --- [authentification-service] [  restartedMain] JpaBaseConfiguration$JpaWebConfiguration : spring.jpa.open-in-view is enabled by default. Therefore, database queries may be performed during view rendering. Explicitly configure spring.jpa.open-in-view to disable this warning
2026-04-29T10:49:35.782Z  INFO 3011628 --- [authentification-service] [  restartedMain] r$InitializeUserDetailsManagerConfigurer : Global AuthenticationManager configured with UserDetailsService bean with name userDetailsServiceImpl
2026-04-29T10:49:36.433Z  INFO 3011628 --- [authentification-service] [  restartedMain] o.s.b.h.a.H2ConsoleAutoConfiguration     : H2 console available at '/h2-console'. Database available at 'jdbc:h2:mem:users-db'
2026-04-29T10:49:36.503Z  INFO 3011628 --- [authentification-service] [  restartedMain] o.s.b.a.e.web.EndpointLinksResolver      : Exposing 1 endpoint beneath base path '/actuator'
2026-04-29T10:49:36.599Z  INFO 3011628 --- [authentification-service] [  restartedMain] o.s.boot.tomcat.TomcatWebServer          : Tomcat started on port 8089 (http) with context path '/'
2026-04-29T10:49:36.610Z  INFO 3011628 --- [authentification-service] [  restartedMain] o.m.a.AuthentificationServiceApplication : Started AuthentificationServiceApplication in 6.267 seconds (process running for 6.81)
Hibernate: insert into app_user (password,username,id) values (?,?,default)
Hibernate: insert into app_user (password,username,id) values (?,?,default)
Hibernate: insert into app_role (role_name,id) values (?,default)
Hibernate: insert into app_role (role_name,id) values (?,default)
Hibernate: select au1_0.id,au1_0.password,au1_0.username from app_user au1_0 where au1_0.username=?
Hibernate: select r1_0.app_user_id,r1_1.id,r1_1.role_name from app_user_roles r1_0 join app_role r1_1 on r1_1.id=r1_0.roles_id where r1_0.app_user_id=?
Hibernate: select ar1_0.id,ar1_0.role_name from app_role ar1_0 where ar1_0.role_name=?
Hibernate: insert into app_user_roles (app_user_id,roles_id) values (?,?)
Hibernate: select au1_0.id,au1_0.password,au1_0.username from app_user au1_0 where au1_0.username=?
Hibernate: select r1_0.app_user_id,r1_1.id,r1_1.role_name from app_user_roles r1_0 join app_role r1_1 on r1_1.id=r1_0.roles_id where r1_0.app_user_id=?
Hibernate: select ar1_0.id,ar1_0.role_name from app_role ar1_0 where ar1_0.role_name=?
Hibernate: insert into app_user_roles (app_user_id,roles_id) values (?,?)
Hibernate: select au1_0.id,au1_0.password,au1_0.username from app_user au1_0 where au1_0.username=?
Hibernate: select r1_0.app_user_id,r1_1.id,r1_1.role_name from app_user_roles r1_0 join app_role r1_1 on r1_1.id=r1_0.roles_id where r1_0.app_user_id=?
Hibernate: select ar1_0.id,ar1_0.role_name from app_role ar1_0 where ar1_0.role_name=?
Hibernate: delete from app_user_roles where app_user_id=?
Hibernate: insert into app_user_roles (app_user_id,roles_id) values (?,?)
Hibernate: insert into app_user_roles (app_user_id,roles_id) values (?,?)
Hibernate: insert into app_user (password,username,id) values (?,?,default)
Hibernate: select au1_0.id,au1_0.password,au1_0.username from app_user au1_0 where au1_0.username=?
Hibernate: select r1_0.app_user_id,r1_1.id,r1_1.role_name from app_user_roles r1_0 join app_role r1_1 on r1_1.id=r1_0.roles_id where r1_0.app_user_id=?
Hibernate: select ar1_0.id,ar1_0.role_name from app_role ar1_0 where ar1_0.role_name=?
Hibernate: insert into app_user_roles (app_user_id,roles_id) values (?,?)
Hibernate: select au1_0.id,au1_0.password,au1_0.username from app_user au1_0 where au1_0.username=?
Hibernate: select r1_0.app_user_id,r1_1.id,r1_1.role_name from app_user_roles r1_0 join app_role r1_1 on r1_1.id=r1_0.roles_id where r1_0.app_user_id=?
Hibernate: select ar1_0.id,ar1_0.role_name from app_role ar1_0 where ar1_0.role_name=?
Hibernate: delete from app_user_roles where app_user_id=?
Hibernate: insert into app_user_roles (app_user_id,roles_id) values (?,?)
Hibernate: insert into app_user_roles (app_user_id,roles_id) values (?,?)
2026-04-29T10:50:22.634Z  INFO 3011628 --- [authentification-service] [0.0-8089-exec-1] o.a.c.c.C.[Tomcat].[localhost].[/]       : Initializing Spring DispatcherServlet 'dispatcherServlet'
2026-04-29T10:50:22.634Z  INFO 3011628 --- [authentification-service] [0.0-8089-exec-1] o.s.web.servlet.DispatcherServlet        : Initializing Servlet 'dispatcherServlet'
2026-04-29T10:50:22.636Z  INFO 3011628 --- [authentification-service] [0.0-8089-exec-1] o.s.web.servlet.DispatcherServlet        : Completed initialization in 2 ms
Hibernate: select au1_0.id,au1_0.password,au1_0.username from app_user au1_0
Hibernate: select r1_0.app_user_id,r1_1.id,r1_1.role_name from app_user_roles r1_0 join app_role r1_1 on r1_1.id=r1_0.roles_id where r1_0.app_user_id=?
Hibernate: select r1_0.app_user_id,r1_1.id,r1_1.role_name from app_user_roles r1_0 join app_role r1_1 on r1_1.id=r1_0.roles_id where r1_0.app_user_id=?
Hibernate: select r1_0.app_user_id,r1_1.id,r1_1.role_name from app_user_roles r1_0 join app_role r1_1 on r1_1.id=r1_0.roles_id where r1_0.app_user_id=?
2026-04-29T10:50:25.152Z  INFO 3011628 --- [authentification-service] [0.0-8089-exec-3] o.apache.tomcat.util.http.parser.Cookie  : A cookie header was received [cc_cookie={"level":["necessary"],"revision":0,"data":null,"rfc_cookie":false};] that contained an invalid cookie. That cookie will be ignored.
 Note: further occurrences of this error will be logged at DEBUG level.
