nohup: ignoring input

  .   ____          _            __ _ _
 /\\ / ___'_ __ _ _(_)_ __  __ _ \ \ \ \
( ( )\___ | '_ | '_| | '_ \/ _` | \ \ \ \
 \\/  ___)| |_)| | | | | || (_| |  ) ) ) )
  '  |____| .__|_| |_|_| |_\__, | / / / /
 =========|_|==============|___/=/_/_/_/

 :: Spring Boot ::                (v3.3.4)

2026-05-13T07:58:01.034Z  INFO 13457 --- [           main] o.m.a.AuthentificationServiceApplication : Starting AuthentificationServiceApplication v0.0.1-SNAPSHOT using Java 17.0.17 with PID 13457 (/home/ubuntu/DEV/Micro_Services/workspace/authentification-service/target/authentification-service-0.0.1-SNAPSHOT.jar started by ubuntu in /home/ubuntu/DEV/Micro_Services/workspace/authentification-service)
2026-05-13T07:58:01.039Z  INFO 13457 --- [           main] o.m.a.AuthentificationServiceApplication : No active profile set, falling back to 1 default profile: "default"
2026-05-13T07:58:02.897Z  INFO 13457 --- [           main] .s.d.r.c.RepositoryConfigurationDelegate : Bootstrapping Spring Data JPA repositories in DEFAULT mode.
2026-05-13T07:58:02.976Z  INFO 13457 --- [           main] .s.d.r.c.RepositoryConfigurationDelegate : Finished Spring Data repository scanning in 66 ms. Found 2 JPA repository interfaces.
2026-05-13T07:58:04.563Z  INFO 13457 --- [           main] o.s.b.w.embedded.tomcat.TomcatWebServer  : Tomcat initialized with port 8089 (http)
2026-05-13T07:58:04.586Z  INFO 13457 --- [           main] o.apache.catalina.core.StandardService   : Starting service [Tomcat]
2026-05-13T07:58:04.587Z  INFO 13457 --- [           main] o.apache.catalina.core.StandardEngine    : Starting Servlet engine: [Apache Tomcat/10.1.30]
2026-05-13T07:58:04.642Z  INFO 13457 --- [           main] o.a.c.c.C.[Tomcat].[localhost].[/]       : Initializing Spring embedded WebApplicationContext
2026-05-13T07:58:04.643Z  INFO 13457 --- [           main] w.s.c.ServletWebServerApplicationContext : Root WebApplicationContext: initialization completed in 3510 ms
2026-05-13T07:58:04.950Z  INFO 13457 --- [           main] com.zaxxer.hikari.HikariDataSource       : HikariPool-1 - Starting...
2026-05-13T07:58:05.267Z  INFO 13457 --- [           main] com.zaxxer.hikari.pool.HikariPool        : HikariPool-1 - Added connection conn0: url=jdbc:h2:mem:users-db user=SA
2026-05-13T07:58:05.269Z  INFO 13457 --- [           main] com.zaxxer.hikari.HikariDataSource       : HikariPool-1 - Start completed.
2026-05-13T07:58:05.282Z  INFO 13457 --- [           main] o.s.b.a.h2.H2ConsoleAutoConfiguration    : H2 console available at '/h2-console'. Database available at 'jdbc:h2:mem:users-db'
2026-05-13T07:58:05.609Z  INFO 13457 --- [           main] o.hibernate.jpa.internal.util.LogHelper  : HHH000204: Processing PersistenceUnitInfo [name: default]
2026-05-13T07:58:05.707Z  INFO 13457 --- [           main] org.hibernate.Version                    : HHH000412: Hibernate ORM core version 6.5.3.Final
2026-05-13T07:58:05.766Z  INFO 13457 --- [           main] o.h.c.internal.RegionFactoryInitiator    : HHH000026: Second-level cache disabled
2026-05-13T07:58:06.191Z  INFO 13457 --- [           main] o.s.o.j.p.SpringPersistenceUnitInfo      : No LoadTimeWeaver setup: ignoring JPA class transformer
2026-05-13T07:58:07.715Z  INFO 13457 --- [           main] o.h.e.t.j.p.i.JtaPlatformInitiator       : HHH000489: No JTA platform available (set 'hibernate.transaction.jta.platform' to enable JTA platform integration)
Hibernate: 
    drop table if exists app_role cascade 
Hibernate: 
    drop table if exists app_user cascade 
Hibernate: 
    drop table if exists app_user_roles cascade 
Hibernate: 
    create table app_role (
        id bigint generated by default as identity,
        role_name varchar(255),
        primary key (id)
    )
Hibernate: 
    create table app_user (
        id bigint generated by default as identity,
        password varchar(255),
        username varchar(255),
        primary key (id)
    )
Hibernate: 
    create table app_user_roles (
        app_user_id bigint not null,
        roles_id bigint not null
    )
Hibernate: 
    alter table if exists app_user_roles 
       add constraint FK1pfb2loa8so5oi6ak7rh6enva 
       foreign key (roles_id) 
       references app_role
Hibernate: 
    alter table if exists app_user_roles 
       add constraint FKkwxexnudtp5gmt82j0qtytnoe 
       foreign key (app_user_id) 
       references app_user
2026-05-13T07:58:07.800Z  INFO 13457 --- [           main] j.LocalContainerEntityManagerFactoryBean : Initialized JPA EntityManagerFactory for persistence unit 'default'
2026-05-13T07:58:08.786Z  WARN 13457 --- [           main] JpaBaseConfiguration$JpaWebConfiguration : spring.jpa.open-in-view is enabled by default. Therefore, database queries may be performed during view rendering. Explicitly configure spring.jpa.open-in-view to disable this warning
2026-05-13T07:58:09.050Z  INFO 13457 --- [           main] r$InitializeUserDetailsManagerConfigurer : Global AuthenticationManager configured with UserDetailsService bean with name userDetailsServiceImpl
2026-05-13T07:58:10.001Z  INFO 13457 --- [           main] o.s.b.a.e.web.EndpointLinksResolver      : Exposing 14 endpoints beneath base path '/actuator'
2026-05-13T07:58:11.140Z  INFO 13457 --- [           main] o.s.b.w.embedded.tomcat.TomcatWebServer  : Tomcat started on port 8089 (http) with context path '/'
2026-05-13T07:58:11.162Z  INFO 13457 --- [           main] o.m.a.AuthentificationServiceApplication : Started AuthentificationServiceApplication in 10.968 seconds (process running for 11.907)
Hibernate: 
    insert 
    into
        app_role
        (role_name, id) 
    values
        (?, default)
Hibernate: 
    insert 
    into
        app_role
        (role_name, id) 
    values
        (?, default)
Hibernate: 
    insert 
    into
        app_user
        (password, username, id) 
    values
        (?, ?, default)
Hibernate: 
    insert 
    into
        app_user
        (password, username, id) 
    values
        (?, ?, default)
Hibernate: 
    select
        au1_0.id,
        au1_0.password,
        au1_0.username 
    from
        app_user au1_0 
    where
        au1_0.username=?
Hibernate: 
    select
        r1_0.app_user_id,
        r1_1.id,
        r1_1.role_name 
    from
        app_user_roles r1_0 
    join
        app_role r1_1 
            on r1_1.id=r1_0.roles_id 
    where
        r1_0.app_user_id=?
Hibernate: 
    select
        ar1_0.id,
        ar1_0.role_name 
    from
        app_role ar1_0 
    where
        ar1_0.role_name=?
Hibernate: 
    insert 
    into
        app_user_roles
        (app_user_id, roles_id) 
    values
        (?, ?)
Hibernate: 
    select
        au1_0.id,
        au1_0.password,
        au1_0.username 
    from
        app_user au1_0 
    where
        au1_0.username=?
Hibernate: 
    select
        r1_0.app_user_id,
        r1_1.id,
        r1_1.role_name 
    from
        app_user_roles r1_0 
    join
        app_role r1_1 
            on r1_1.id=r1_0.roles_id 
    where
        r1_0.app_user_id=?
Hibernate: 
    select
        ar1_0.id,
        ar1_0.role_name 
    from
        app_role ar1_0 
    where
        ar1_0.role_name=?
Hibernate: 
    insert 
    into
        app_user_roles
        (app_user_id, roles_id) 
    values
        (?, ?)
Hibernate: 
    select
        au1_0.id,
        au1_0.password,
        au1_0.username 
    from
        app_user au1_0 
    where
        au1_0.username=?
Hibernate: 
    select
        r1_0.app_user_id,
        r1_1.id,
        r1_1.role_name 
    from
        app_user_roles r1_0 
    join
        app_role r1_1 
            on r1_1.id=r1_0.roles_id 
    where
        r1_0.app_user_id=?
Hibernate: 
    select
        ar1_0.id,
        ar1_0.role_name 
    from
        app_role ar1_0 
    where
        ar1_0.role_name=?
Hibernate: 
    delete 
    from
        app_user_roles 
    where
        app_user_id=?
Hibernate: 
    insert 
    into
        app_user_roles
        (app_user_id, roles_id) 
    values
        (?, ?)
Hibernate: 
    insert 
    into
        app_user_roles
        (app_user_id, roles_id) 
    values
        (?, ?)
2026-05-13T07:58:19.169Z  INFO 13457 --- [nio-8089-exec-1] o.a.c.c.C.[Tomcat].[localhost].[/]       : Initializing Spring DispatcherServlet 'dispatcherServlet'
2026-05-13T07:58:19.169Z  INFO 13457 --- [nio-8089-exec-1] o.s.web.servlet.DispatcherServlet        : Initializing Servlet 'dispatcherServlet'
2026-05-13T07:58:19.173Z  INFO 13457 --- [nio-8089-exec-1] o.s.web.servlet.DispatcherServlet        : Completed initialization in 4 ms
2026-05-13T07:58:22.960Z ERROR 13457 --- [nio-8089-exec-3] o.a.c.c.C.[.[.[/].[dispatcherServlet]    : Servlet.service() for servlet [dispatcherServlet] in context with path [] threw exception

java.lang.RuntimeException: Erreur de lecture des identifiants
	at org.ms.authentificationservice.securite.JwtAuthenticationFilter.attemptAuthentication(JwtAuthenticationFilter.java:38) ~[!/:0.0.1-SNAPSHOT]
	at org.springframework.security.web.authentication.AbstractAuthenticationProcessingFilter.doFilter(AbstractAuthenticationProcessingFilter.java:231) ~[spring-security-web-6.3.3.jar!/:6.3.3]
	at org.springframework.security.web.authentication.AbstractAuthenticationProcessingFilter.doFilter(AbstractAuthenticationProcessingFilter.java:221) ~[spring-security-web-6.3.3.jar!/:6.3.3]
	at org.springframework.security.web.ObservationFilterChainDecorator$ObservationFilter.wrapFilter(ObservationFilterChainDecorator.java:240) ~[spring-security-web-6.3.3.jar!/:6.3.3]
	at org.springframework.security.web.ObservationFilterChainDecorator$ObservationFilter.doFilter(ObservationFilterChainDecorator.java:227) ~[spring-security-web-6.3.3.jar!/:6.3.3]
	at org.springframework.security.web.ObservationFilterChainDecorator$VirtualFilterChain.doFilter(ObservationFilterChainDecorator.java:137) ~[spring-security-web-6.3.3.jar!/:6.3.3]
	at org.ms.authentificationservice.securite.JwtAuthorizationFilter.doFilterInternal(JwtAuthorizationFilter.java:38) ~[!/:0.0.1-SNAPSHOT]
	at org.springframework.web.filter.OncePerRequestFilter.doFilter(OncePerRequestFilter.java:116) ~[spring-web-6.1.13.jar!/:6.1.13]
	at org.springframework.security.web.ObservationFilterChainDecorator$ObservationFilter.wrapFilter(ObservationFilterChainDecorator.java:240) ~[spring-security-web-6.3.3.jar!/:6.3.3]
	at org.springframework.security.web.ObservationFilterChainDecorator$ObservationFilter.doFilter(ObservationFilterChainDecorator.java:227) ~[spring-security-web-6.3.3.jar!/:6.3.3]
	at org.springframework.security.web.ObservationFilterChainDecorator$VirtualFilterChain.doFilter(ObservationFilterChainDecorator.java:137) ~[spring-security-web-6.3.3.jar!/:6.3.3]
	at org.springframework.security.web.authentication.logout.LogoutFilter.doFilter(LogoutFilter.java:107) ~[spring-security-web-6.3.3.jar!/:6.3.3]
	at org.springframework.security.web.authentication.logout.LogoutFilter.doFilter(LogoutFilter.java:93) ~[spring-security-web-6.3.3.jar!/:6.3.3]
	at org.springframework.security.web.ObservationFilterChainDecorator$ObservationFilter.wrapFilter(ObservationFilterChainDecorator.java:240) ~[spring-security-web-6.3.3.jar!/:6.3.3]
	at org.springframework.security.web.ObservationFilterChainDecorator$ObservationFilter.doFilter(ObservationFilterChainDecorator.java:227) ~[spring-security-web-6.3.3.jar!/:6.3.3]
	at org.springframework.security.web.ObservationFilterChainDecorator$VirtualFilterChain.doFilter(ObservationFilterChainDecorator.java:137) ~[spring-security-web-6.3.3.jar!/:6.3.3]
	at org.springframework.security.web.header.HeaderWriterFilter.doHeadersAfter(HeaderWriterFilter.java:90) ~[spring-security-web-6.3.3.jar!/:6.3.3]
	at org.springframework.security.web.header.HeaderWriterFilter.doFilterInternal(HeaderWriterFilter.java:75) ~[spring-security-web-6.3.3.jar!/:6.3.3]
	at org.springframework.web.filter.OncePerRequestFilter.doFilter(OncePerRequestFilter.java:116) ~[spring-web-6.1.13.jar!/:6.1.13]
	at org.springframework.security.web.ObservationFilterChainDecorator$ObservationFilter.wrapFilter(ObservationFilterChainDecorator.java:240) ~[spring-security-web-6.3.3.jar!/:6.3.3]
	at org.springframework.security.web.ObservationFilterChainDecorator$ObservationFilter.doFilter(ObservationFilterChainDecorator.java:227) ~[spring-security-web-6.3.3.jar!/:6.3.3]
	at org.springframework.security.web.ObservationFilterChainDecorator$VirtualFilterChain.doFilter(ObservationFilterChainDecorator.java:137) ~[spring-security-web-6.3.3.jar!/:6.3.3]
	at org.springframework.security.web.context.SecurityContextHolderFilter.doFilter(SecurityContextHolderFilter.java:82) ~[spring-security-web-6.3.3.jar!/:6.3.3]
	at org.springframework.security.web.context.SecurityContextHolderFilter.doFilter(SecurityContextHolderFilter.java:69) ~[spring-security-web-6.3.3.jar!/:6.3.3]
	at org.springframework.security.web.ObservationFilterChainDecorator$ObservationFilter.wrapFilter(ObservationFilterChainDecorator.java:240) ~[spring-security-web-6.3.3.jar!/:6.3.3]
	at org.springframework.security.web.ObservationFilterChainDecorator$ObservationFilter.doFilter(ObservationFilterChainDecorator.java:227) ~[spring-security-web-6.3.3.jar!/:6.3.3]
	at org.springframework.security.web.ObservationFilterChainDecorator$VirtualFilterChain.doFilter(ObservationFilterChainDecorator.java:137) ~[spring-security-web-6.3.3.jar!/:6.3.3]
	at org.springframework.security.web.context.request.async.WebAsyncManagerIntegrationFilter.doFilterInternal(WebAsyncManagerIntegrationFilter.java:62) ~[spring-security-web-6.3.3.jar!/:6.3.3]
	at org.springframework.web.filter.OncePerRequestFilter.doFilter(OncePerRequestFilter.java:116) ~[spring-web-6.1.13.jar!/:6.1.13]
	at org.springframework.security.web.ObservationFilterChainDecorator$ObservationFilter.wrapFilter(ObservationFilterChainDecorator.java:240) ~[spring-security-web-6.3.3.jar!/:6.3.3]
	at org.springframework.security.web.ObservationFilterChainDecorator$ObservationFilter.doFilter(ObservationFilterChainDecorator.java:227) ~[spring-security-web-6.3.3.jar!/:6.3.3]
	at org.springframework.security.web.ObservationFilterChainDecorator$VirtualFilterChain.doFilter(ObservationFilterChainDecorator.java:137) ~[spring-security-web-6.3.3.jar!/:6.3.3]
	at org.springframework.security.web.session.DisableEncodeUrlFilter.doFilterInternal(DisableEncodeUrlFilter.java:42) ~[spring-security-web-6.3.3.jar!/:6.3.3]
	at org.springframework.web.filter.OncePerRequestFilter.doFilter(OncePerRequestFilter.java:116) ~[spring-web-6.1.13.jar!/:6.1.13]
	at org.springframework.security.web.ObservationFilterChainDecorator$ObservationFilter.wrapFilter(ObservationFilterChainDecorator.java:240) ~[spring-security-web-6.3.3.jar!/:6.3.3]
	at org.springframework.security.web.ObservationFilterChainDecorator$AroundFilterObservation$SimpleAroundFilterObservation.lambda$wrap$0(ObservationFilterChainDecorator.java:323) ~[spring-security-web-6.3.3.jar!/:6.3.3]
	at org.springframework.security.web.ObservationFilterChainDecorator$ObservationFilter.doFilter(ObservationFilterChainDecorator.java:224) ~[spring-security-web-6.3.3.jar!/:6.3.3]
	at org.springframework.security.web.ObservationFilterChainDecorator$VirtualFilterChain.doFilter(ObservationFilterChainDecorator.java:137) ~[spring-security-web-6.3.3.jar!/:6.3.3]
	at org.springframework.security.web.FilterChainProxy.doFilterInternal(FilterChainProxy.java:233) ~[spring-security-web-6.3.3.jar!/:6.3.3]
	at org.springframework.security.web.FilterChainProxy.doFilter(FilterChainProxy.java:191) ~[spring-security-web-6.3.3.jar!/:6.3.3]
	at org.springframework.web.filter.CompositeFilter$VirtualFilterChain.doFilter(CompositeFilter.java:113) ~[spring-web-6.1.13.jar!/:6.1.13]
	at org.springframework.web.servlet.handler.HandlerMappingIntrospector.lambda$createCacheFilter$3(HandlerMappingIntrospector.java:195) ~[spring-webmvc-6.1.13.jar!/:6.1.13]
	at org.springframework.web.filter.CompositeFilter$VirtualFilterChain.doFilter(CompositeFilter.java:113) ~[spring-web-6.1.13.jar!/:6.1.13]
	at org.springframework.web.filter.CompositeFilter.doFilter(CompositeFilter.java:74) ~[spring-web-6.1.13.jar!/:6.1.13]
	at org.springframework.security.config.annotation.web.configuration.WebMvcSecurityConfiguration$CompositeFilterChainProxy.doFilter(WebMvcSecurityConfiguration.java:230) ~[spring-security-config-6.3.3.jar!/:6.3.3]
	at org.springframework.web.filter.DelegatingFilterProxy.invokeDelegate(DelegatingFilterProxy.java:352) ~[spring-web-6.1.13.jar!/:6.1.13]
	at org.springframework.web.filter.DelegatingFilterProxy.doFilter(DelegatingFilterProxy.java:268) ~[spring-web-6.1.13.jar!/:6.1.13]
	at org.apache.catalina.core.ApplicationFilterChain.internalDoFilter(ApplicationFilterChain.java:164) ~[tomcat-embed-core-10.1.30.jar!/:na]
	at org.apache.catalina.core.ApplicationFilterChain.doFilter(ApplicationFilterChain.java:140) ~[tomcat-embed-core-10.1.30.jar!/:na]
	at org.springframework.web.filter.RequestContextFilter.doFilterInternal(RequestContextFilter.java:100) ~[spring-web-6.1.13.jar!/:6.1.13]
	at org.springframework.web.filter.OncePerRequestFilter.doFilter(OncePerRequestFilter.java:116) ~[spring-web-6.1.13.jar!/:6.1.13]
	at org.apache.catalina.core.ApplicationFilterChain.internalDoFilter(ApplicationFilterChain.java:164) ~[tomcat-embed-core-10.1.30.jar!/:na]
	at org.apache.catalina.core.ApplicationFilterChain.doFilter(ApplicationFilterChain.java:140) ~[tomcat-embed-core-10.1.30.jar!/:na]
	at org.springframework.web.filter.FormContentFilter.doFilterInternal(FormContentFilter.java:93) ~[spring-web-6.1.13.jar!/:6.1.13]
	at org.springframework.web.filter.OncePerRequestFilter.doFilter(OncePerRequestFilter.java:116) ~[spring-web-6.1.13.jar!/:6.1.13]
	at org.apache.catalina.core.ApplicationFilterChain.internalDoFilter(ApplicationFilterChain.java:164) ~[tomcat-embed-core-10.1.30.jar!/:na]
	at org.apache.catalina.core.ApplicationFilterChain.doFilter(ApplicationFilterChain.java:140) ~[tomcat-embed-core-10.1.30.jar!/:na]
	at org.springframework.web.filter.ServerHttpObservationFilter.doFilterInternal(ServerHttpObservationFilter.java:113) ~[spring-web-6.1.13.jar!/:6.1.13]
	at org.springframework.web.filter.OncePerRequestFilter.doFilter(OncePerRequestFilter.java:116) ~[spring-web-6.1.13.jar!/:6.1.13]
	at org.apache.catalina.core.ApplicationFilterChain.internalDoFilter(ApplicationFilterChain.java:164) ~[tomcat-embed-core-10.1.30.jar!/:na]
	at org.apache.catalina.core.ApplicationFilterChain.doFilter(ApplicationFilterChain.java:140) ~[tomcat-embed-core-10.1.30.jar!/:na]
	at org.springframework.web.filter.CharacterEncodingFilter.doFilterInternal(CharacterEncodingFilter.java:201) ~[spring-web-6.1.13.jar!/:6.1.13]
	at org.springframework.web.filter.OncePerRequestFilter.doFilter(OncePerRequestFilter.java:116) ~[spring-web-6.1.13.jar!/:6.1.13]
	at org.apache.catalina.core.ApplicationFilterChain.internalDoFilter(ApplicationFilterChain.java:164) ~[tomcat-embed-core-10.1.30.jar!/:na]
	at org.apache.catalina.core.ApplicationFilterChain.doFilter(ApplicationFilterChain.java:140) ~[tomcat-embed-core-10.1.30.jar!/:na]
	at org.apache.catalina.core.StandardWrapperValve.invoke(StandardWrapperValve.java:167) ~[tomcat-embed-core-10.1.30.jar!/:na]
	at org.apache.catalina.core.StandardContextValve.invoke(StandardContextValve.java:90) ~[tomcat-embed-core-10.1.30.jar!/:na]
	at org.apache.catalina.authenticator.AuthenticatorBase.invoke(AuthenticatorBase.java:483) ~[tomcat-embed-core-10.1.30.jar!/:na]
	at org.apache.catalina.core.StandardHostValve.invoke(StandardHostValve.java:115) ~[tomcat-embed-core-10.1.30.jar!/:na]
	at org.apache.catalina.valves.ErrorReportValve.invoke(ErrorReportValve.java:93) ~[tomcat-embed-core-10.1.30.jar!/:na]
	at org.apache.catalina.core.StandardEngineValve.invoke(StandardEngineValve.java:74) ~[tomcat-embed-core-10.1.30.jar!/:na]
	at org.apache.catalina.connector.CoyoteAdapter.service(CoyoteAdapter.java:344) ~[tomcat-embed-core-10.1.30.jar!/:na]
	at org.apache.coyote.http11.Http11Processor.service(Http11Processor.java:384) ~[tomcat-embed-core-10.1.30.jar!/:na]
	at org.apache.coyote.AbstractProcessorLight.process(AbstractProcessorLight.java:63) ~[tomcat-embed-core-10.1.30.jar!/:na]
	at org.apache.coyote.AbstractProtocol$ConnectionHandler.process(AbstractProtocol.java:905) ~[tomcat-embed-core-10.1.30.jar!/:na]
	at org.apache.tomcat.util.net.NioEndpoint$SocketProcessor.doRun(NioEndpoint.java:1741) ~[tomcat-embed-core-10.1.30.jar!/:na]
	at org.apache.tomcat.util.net.SocketProcessorBase.run(SocketProcessorBase.java:52) ~[tomcat-embed-core-10.1.30.jar!/:na]
	at org.apache.tomcat.util.threads.ThreadPoolExecutor.runWorker(ThreadPoolExecutor.java:1190) ~[tomcat-embed-core-10.1.30.jar!/:na]
	at org.apache.tomcat.util.threads.ThreadPoolExecutor$Worker.run(ThreadPoolExecutor.java:659) ~[tomcat-embed-core-10.1.30.jar!/:na]
	at org.apache.tomcat.util.threads.TaskThread$WrappingRunnable.run(TaskThread.java:63) ~[tomcat-embed-core-10.1.30.jar!/:na]
	at java.base/java.lang.Thread.run(Thread.java:840) ~[na:na]
Caused by: com.fasterxml.jackson.core.JsonParseException: Unrecognized token 'username': was expecting (JSON String, Number, Array, Object or token 'null', 'true' or 'false')
 at [Source: REDACTED (`StreamReadFeature.INCLUDE_SOURCE_IN_LOCATION` disabled); line: 1, column: 10]
	at com.fasterxml.jackson.core.JsonParser._constructError(JsonParser.java:2572) ~[jackson-core-2.17.2.jar!/:2.17.2]
	at com.fasterxml.jackson.core.JsonParser._constructReadException(JsonParser.java:2598) ~[jackson-core-2.17.2.jar!/:2.17.2]
	at com.fasterxml.jackson.core.JsonParser._constructReadException(JsonParser.java:2606) ~[jackson-core-2.17.2.jar!/:2.17.2]
	at com.fasterxml.jackson.core.base.ParserMinimalBase._reportError(ParserMinimalBase.java:765) ~[jackson-core-2.17.2.jar!/:2.17.2]
	at com.fasterxml.jackson.core.json.UTF8StreamJsonParser._reportInvalidToken(UTF8StreamJsonParser.java:3659) ~[jackson-core-2.17.2.jar!/:2.17.2]
	at com.fasterxml.jackson.core.json.UTF8StreamJsonParser._handleUnexpectedValue(UTF8StreamJsonParser.java:2747) ~[jackson-core-2.17.2.jar!/:2.17.2]
	at com.fasterxml.jackson.core.json.UTF8StreamJsonParser._nextTokenNotInObject(UTF8StreamJsonParser.java:867) ~[jackson-core-2.17.2.jar!/:2.17.2]
	at com.fasterxml.jackson.core.json.UTF8StreamJsonParser.nextToken(UTF8StreamJsonParser.java:753) ~[jackson-core-2.17.2.jar!/:2.17.2]
	at com.fasterxml.jackson.databind.ObjectMapper._initForReading(ObjectMapper.java:4992) ~[jackson-databind-2.17.2.jar!/:2.17.2]
	at com.fasterxml.jackson.databind.ObjectMapper._readMapAndClose(ObjectMapper.java:4898) ~[jackson-databind-2.17.2.jar!/:2.17.2]
	at com.fasterxml.jackson.databind.ObjectMapper.readValue(ObjectMapper.java:3885) ~[jackson-databind-2.17.2.jar!/:2.17.2]
	at org.ms.authentificationservice.securite.JwtAuthenticationFilter.attemptAuthentication(JwtAuthenticationFilter.java:33) ~[!/:0.0.1-SNAPSHOT]
	... 80 common frames omitted

Hibernate: 
    select
        au1_0.id,
        au1_0.password,
        au1_0.username 
    from
        app_user au1_0 
    where
        au1_0.username=?
Hibernate: 
    select
        r1_0.app_user_id,
        r1_1.id,
        r1_1.role_name 
    from
        app_user_roles r1_0 
    join
        app_role r1_1 
            on r1_1.id=r1_0.roles_id 
    where
        r1_0.app_user_id=?
2026-05-13T08:00:37.014Z  INFO 13457 --- [nio-8089-exec-7] o.apache.tomcat.util.http.parser.Cookie  : A cookie header was received [cc_cookie={"level":["necessary"],"revision":0,"data":null,"rfc_cookie":false};] that contained an invalid cookie. That cookie will be ignored.
 Note: further occurrences of this error will be logged at DEBUG level.
Hibernate: 
    select
        au1_0.id,
        au1_0.password,
        au1_0.username 
    from
        app_user au1_0 
    where
        au1_0.username=?
Hibernate: 
    select
        r1_0.app_user_id,
        r1_1.id,
        r1_1.role_name 
    from
        app_user_roles r1_0 
    join
        app_role r1_1 
            on r1_1.id=r1_0.roles_id 
    where
        r1_0.app_user_id=?
Hibernate: 
    select
        au1_0.id,
        au1_0.password,
        au1_0.username 
    from
        app_user au1_0
Hibernate: 
    select
        r1_0.app_user_id,
        r1_1.id,
        r1_1.role_name 
    from
        app_user_roles r1_0 
    join
        app_role r1_1 
            on r1_1.id=r1_0.roles_id 
    where
        r1_0.app_user_id=?
Hibernate: 
    select
        r1_0.app_user_id,
        r1_1.id,
        r1_1.role_name 
    from
        app_user_roles r1_0 
    join
        app_role r1_1 
            on r1_1.id=r1_0.roles_id 
    where
        r1_0.app_user_id=?
Hibernate: 
    select
        au1_0.id,
        au1_0.password,
        au1_0.username 
    from
        app_user au1_0 
    where
        au1_0.username=?
Hibernate: 
    select
        r1_0.app_user_id,
        r1_1.id,
        r1_1.role_name 
    from
        app_user_roles r1_0 
    join
        app_role r1_1 
            on r1_1.id=r1_0.roles_id 
    where
        r1_0.app_user_id=?
Hibernate: 
    select
        au1_0.id,
        au1_0.password,
        au1_0.username 
    from
        app_user au1_0
Hibernate: 
    select
        r1_0.app_user_id,
        r1_1.id,
        r1_1.role_name 
    from
        app_user_roles r1_0 
    join
        app_role r1_1 
            on r1_1.id=r1_0.roles_id 
    where
        r1_0.app_user_id=?
Hibernate: 
    select
        r1_0.app_user_id,
        r1_1.id,
        r1_1.role_name 
    from
        app_user_roles r1_0 
    join
        app_role r1_1 
            on r1_1.id=r1_0.roles_id 
    where
        r1_0.app_user_id=?
Hibernate: 
    insert 
    into
        app_user
        (password, username, id) 
    values
        (?, ?, default)
Hibernate: 
    select
        au1_0.id,
        au1_0.password,
        au1_0.username 
    from
        app_user au1_0 
    where
        au1_0.username=?
Hibernate: 
    select
        r1_0.app_user_id,
        r1_1.id,
        r1_1.role_name 
    from
        app_user_roles r1_0 
    join
        app_role r1_1 
            on r1_1.id=r1_0.roles_id 
    where
        r1_0.app_user_id=?
Hibernate: 
    select
        au1_0.id,
        au1_0.password,
        au1_0.username 
    from
        app_user au1_0
Hibernate: 
    select
        r1_0.app_user_id,
        r1_1.id,
        r1_1.role_name 
    from
        app_user_roles r1_0 
    join
        app_role r1_1 
            on r1_1.id=r1_0.roles_id 
    where
        r1_0.app_user_id=?
Hibernate: 
    select
        r1_0.app_user_id,
        r1_1.id,
        r1_1.role_name 
    from
        app_user_roles r1_0 
    join
        app_role r1_1 
            on r1_1.id=r1_0.roles_id 
    where
        r1_0.app_user_id=?
Hibernate: 
    select
        r1_0.app_user_id,
        r1_1.id,
        r1_1.role_name 
    from
        app_user_roles r1_0 
    join
        app_role r1_1 
            on r1_1.id=r1_0.roles_id 
    where
        r1_0.app_user_id=?
Hibernate: 
    insert 
    into
        app_user
        (password, username, id) 
    values
        (?, ?, default)
