
  .   ____          _            __ _ _
 /\\ / ___'_ __ _ _(_)_ __  __ _ \ \ \ \
( ( )\___ | '_ | '_| | '_ \/ _` | \ \ \ \
 \\/  ___)| |_)| | | | | || (_| |  ) ) ) )
  '  |____| .__|_| |_|_| |_\__, | / / / /
 =========|_|==============|___/=/_/_/_/

 :: Spring Boot ::                (v3.3.4)

2026-05-13T08:41:01.159Z  INFO 106410 --- [           main] o.m.a.AuthentificationserviceApplication : Starting AuthentificationserviceApplication v0.0.1-SNAPSHOT using Java 17.0.17 with PID 106410 (/home/ubuntu/DEV/Micro_Services/workspace/authentification-service-partie05--D-autorisation/target/authentificationservice-0.0.1-SNAPSHOT.jar started by ubuntu in /home/ubuntu/DEV/Micro_Services/workspace/authentification-service-partie05--D-autorisation)
2026-05-13T08:41:01.163Z  INFO 106410 --- [           main] o.m.a.AuthentificationserviceApplication : No active profile set, falling back to 1 default profile: "default"
2026-05-13T08:41:02.922Z  INFO 106410 --- [           main] .s.d.r.c.RepositoryConfigurationDelegate : Bootstrapping Spring Data JPA repositories in DEFAULT mode.
2026-05-13T08:41:03.007Z  INFO 106410 --- [           main] .s.d.r.c.RepositoryConfigurationDelegate : Finished Spring Data repository scanning in 71 ms. Found 2 JPA repository interfaces.
2026-05-13T08:41:04.272Z  INFO 106410 --- [           main] o.s.b.w.embedded.tomcat.TomcatWebServer  : Tomcat initialized with port 8097 (http)
2026-05-13T08:41:04.290Z  INFO 106410 --- [           main] o.apache.catalina.core.StandardService   : Starting service [Tomcat]
2026-05-13T08:41:04.290Z  INFO 106410 --- [           main] o.apache.catalina.core.StandardEngine    : Starting Servlet engine: [Apache Tomcat/10.1.30]
2026-05-13T08:41:04.337Z  INFO 106410 --- [           main] o.a.c.c.C.[Tomcat].[localhost].[/]       : Initializing Spring embedded WebApplicationContext
2026-05-13T08:41:04.339Z  INFO 106410 --- [           main] w.s.c.ServletWebServerApplicationContext : Root WebApplicationContext: initialization completed in 3118 ms
2026-05-13T08:41:04.522Z  INFO 106410 --- [           main] com.zaxxer.hikari.HikariDataSource       : HikariPool-1 - Starting...
2026-05-13T08:41:04.797Z  INFO 106410 --- [           main] com.zaxxer.hikari.pool.HikariPool        : HikariPool-1 - Added connection conn0: url=jdbc:h2:mem:users-db user=SA
2026-05-13T08:41:04.799Z  INFO 106410 --- [           main] com.zaxxer.hikari.HikariDataSource       : HikariPool-1 - Start completed.
2026-05-13T08:41:04.811Z  INFO 106410 --- [           main] o.s.b.a.h2.H2ConsoleAutoConfiguration    : H2 console available at '/h2-console'. Database available at 'jdbc:h2:mem:users-db'
2026-05-13T08:41:05.046Z  INFO 106410 --- [           main] o.hibernate.jpa.internal.util.LogHelper  : HHH000204: Processing PersistenceUnitInfo [name: default]
2026-05-13T08:41:05.117Z  INFO 106410 --- [           main] org.hibernate.Version                    : HHH000412: Hibernate ORM core version 6.5.3.Final
2026-05-13T08:41:05.159Z  INFO 106410 --- [           main] o.h.c.internal.RegionFactoryInitiator    : HHH000026: Second-level cache disabled
2026-05-13T08:41:05.646Z  INFO 106410 --- [           main] o.s.o.j.p.SpringPersistenceUnitInfo      : No LoadTimeWeaver setup: ignoring JPA class transformer
2026-05-13T08:41:07.312Z  INFO 106410 --- [           main] o.h.e.t.j.p.i.JtaPlatformInitiator       : HHH000489: No JTA platform available (set 'hibernate.transaction.jta.platform' to enable JTA platform integration)
Hibernate: drop table if exists app_role cascade 
Hibernate: drop table if exists app_user cascade 
Hibernate: drop table if exists app_user_roles cascade 
Hibernate: create table app_role (id bigint generated by default as identity, role_name varchar(255), primary key (id))
Hibernate: create table app_user (id bigint generated by default as identity, password varchar(255), username varchar(255), primary key (id))
Hibernate: create table app_user_roles (app_user_id bigint not null, roles_id bigint not null)
Hibernate: alter table if exists app_user_roles add constraint FK1pfb2loa8so5oi6ak7rh6enva foreign key (roles_id) references app_role
Hibernate: alter table if exists app_user_roles add constraint FKkwxexnudtp5gmt82j0qtytnoe foreign key (app_user_id) references app_user
2026-05-13T08:41:07.391Z  INFO 106410 --- [           main] j.LocalContainerEntityManagerFactoryBean : Initialized JPA EntityManagerFactory for persistence unit 'default'
2026-05-13T08:41:08.287Z  WARN 106410 --- [           main] JpaBaseConfiguration$JpaWebConfiguration : spring.jpa.open-in-view is enabled by default. Therefore, database queries may be performed during view rendering. Explicitly configure spring.jpa.open-in-view to disable this warning
2026-05-13T08:41:09.075Z  INFO 106410 --- [           main] o.s.b.a.e.web.EndpointLinksResolver      : Exposing 1 endpoint beneath base path '/actuator'
2026-05-13T08:41:09.785Z  INFO 106410 --- [           main] o.s.b.w.embedded.tomcat.TomcatWebServer  : Tomcat started on port 8097 (http) with context path '/'
2026-05-13T08:41:09.820Z  INFO 106410 --- [           main] o.m.a.AuthentificationserviceApplication : Started AuthentificationserviceApplication in 9.291 seconds (process running for 10.236)
Hibernate: select ar1_0.id,ar1_0.role_name from app_role ar1_0 where ar1_0.role_name=?
Hibernate: insert into app_role (role_name,id) values (?,default)
Hibernate: select ar1_0.id,ar1_0.role_name from app_role ar1_0 where ar1_0.role_name=?
Hibernate: insert into app_role (role_name,id) values (?,default)
Hibernate: insert into app_user (password,username,id) values (?,?,default)
Hibernate: insert into app_user (password,username,id) values (?,?,default)
Hibernate: select au1_0.id,au1_0.password,au1_0.username from app_user au1_0 where au1_0.username=?
Hibernate: select r1_0.app_user_id,r1_1.id,r1_1.role_name from app_user_roles r1_0 join app_role r1_1 on r1_1.id=r1_0.roles_id where r1_0.app_user_id=?
Hibernate: select ar1_0.id,ar1_0.role_name from app_role ar1_0 where ar1_0.role_name=?
Hibernate: insert into app_user_roles (app_user_id,roles_id) values (?,?)
Hibernate: select au1_0.id,au1_0.password,au1_0.username from app_user au1_0 where au1_0.username=?
Hibernate: select r1_0.app_user_id,r1_1.id,r1_1.role_name from app_user_roles r1_0 join app_role r1_1 on r1_1.id=r1_0.roles_id where r1_0.app_user_id=?
Hibernate: select ar1_0.id,ar1_0.role_name from app_role ar1_0 where ar1_0.role_name=?
Hibernate: insert into app_user_roles (app_user_id,roles_id) values (?,?)
Hibernate: select au1_0.id,au1_0.password,au1_0.username from app_user au1_0 where au1_0.username=?
Hibernate: select r1_0.app_user_id,r1_1.id,r1_1.role_name from app_user_roles r1_0 join app_role r1_1 on r1_1.id=r1_0.roles_id where r1_0.app_user_id=?
Hibernate: select ar1_0.id,ar1_0.role_name from app_role ar1_0 where ar1_0.role_name=?
Hibernate: delete from app_user_roles where app_user_id=?
Hibernate: insert into app_user_roles (app_user_id,roles_id) values (?,?)
Hibernate: insert into app_user_roles (app_user_id,roles_id) values (?,?)
Données initialisées
